
log file /etc/frr/frr.log informational
log timestamp precision 3
hostname dummyhostname


bfd
  profile bar
    receive-interval 60
    transmit-interval 70
    detect-multiplier 5
    echo receive-interval disabled
    echo transmit-interval 65
    minimum-ttl 60
    
  profile foo
    transmit-interval 70
    detect-multiplier 5
    echo receive-interval 60
    echo transmit-interval 65
    minimum-ttl 60
    
